ranking evaluation -- demoshop (http://127.0.0.1:8899/portal/)
  candidates 9, vulnerable 2, unlabeled 0, verified 9 (top-20)

Recall@K                                                      K=1     K=3     K=5     K=10    K=20  
               Random predictor                               0.111   0.333   0.556   1.000   1.000 
               VulnSpider without focused verification        0.500   1.000   1.000   1.000   1.000 
               VulnSpider (full pipeline)                     0.500   1.000   1.000   1.000   1.000 
               Random predictor (per-input-point type guess)  0.120   0.341   0.561   1.000   1.000 

Precision@K                                                   K=1     K=3     K=5     K=10    K=20  
               Random predictor                               0.222   0.222   0.222   0.222   0.222 
               VulnSpider without focused verification        1.000   0.667   0.400   0.222   0.222 
               VulnSpider (full pipeline)                     1.000   0.667   0.400   0.222   0.222 
               Random predictor (per-input-point type guess)  0.239   0.228   0.224   0.222   0.222 

MAP@K                                                         K=1     K=3     K=5     K=10    K=20  
               Random predictor                               0.222   0.220   0.291   0.400   0.400 
               VulnSpider without focused verification        1.000   1.000   1.000   1.000   1.000 
               VulnSpider (full pipeline)                     1.000   1.000   1.000   1.000   1.000 
               Random predictor (per-input-point type guess)  0.239   0.230   0.301   0.408   0.408 

NDCG@K                                                        K=1     K=3     K=5     K=10    K=20  
               Random predictor                               0.222   0.290   0.402   0.580   0.580 
               VulnSpider without focused verification        1.000   1.000   1.000   1.000   1.000 
               VulnSpider (full pipeline)                     1.000   1.000   1.000   1.000   1.000 
               Random predictor (per-input-point type guess)  0.239   0.300   0.410   0.586   0.586 

vulnspider: comparison table -> docs/results/demoshop-bac/evaluation-table.html
vulnspider: input-point table -> docs/results/demoshop-bac/evaluation-inputs.html
vulnspider: (markdown copies alongside: evaluation-table.md, evaluation-inputs.md)
vulnspider: [OK] scan complete (mode=static, selected=12)
vulnspider: analysis output:     docs\results\demoshop-bac\analysis.json
vulnspider: verification output: docs\results\demoshop-bac\verification.json
vulnspider: dashboard report ->  docs/results/demoshop-bac/dashboard.html
vulnspider: detail report ->     docs/results/demoshop-bac/verification-detail.html

진행 상태: |[32m                                                                             [0m| 0/4 단계 [0m
진행 상태: |[32m                                                                     [0m| 0/4 단계 , 초기화
진행 상태: |[32m████████████████                                                [0m| 1/4 단계 , 크롤 + 분석[0m
진행 상태: |[32m████████████████████████████████                                [0m| 2/4 단계 , 크롤 + 분석[0m
                                                                                                    
vulnspider: [*] 크롤 + 분석 시작 -> http://127.0.0.1:8899/portal/

진행 상태: |[32m████████████████████████████████                                [0m| 2/4 단계 , 크롤 + 분석[0m
                                                                                                    


진행 상태: |[32m████████████████████████████████                                [0m| 2/4 단계 , 크롤 + 분석[0m
                                                                                                    
vulnspider: [OK] 분석 완료 -- endpoints=5, input_points=3

진행 상태: |[32m████████████████████████████████                                [0m| 2/4 단계 , 크롤 + 분석[0m
                                                                                                    


진행 상태: |[32m████████████████████████████████                                [0m| 2/4 단계 , 크롤 + 분석[0m
진행 상태: |[32m████████████████████████                        [0m| 2/4 단계 , 검증 (focused verification)[0m
진행 상태: |[32m████████████████████████████████████            [0m| 3/4 단계 , 검증 (focused verification)[0m
                                                                                                    
vulnspider: [*] 검증 (focused verification) 시작 -- proposer=deterministic, top-k=20

진행 상태: |[32m████████████████████████████████████            [0m| 3/4 단계 , 검증 (focused verification)[0m
                                                                                                    


진행 상태: |[32m████████████████████████████████████            [0m| 3/4 단계 , 검증 (focused verification)[0m
                                                                                                    
vulnspider:     - 검증 1/6: SQLI rank 1               elapsed time : 0.20s

진행 상태: |[32m████████████████████████████████████            [0m| 3/4 단계 , 검증 (focused verification)[0m
                                                                                                    


진행 상태: |[32m████████████████████████████████████            [0m| 3/4 단계 , 검증 (focused verification)[0m
                                                                                                    
vulnspider:     - 검증 2/6: REFLECTED_XSS rank 2      elapsed time : 0.25s

진행 상태: |[32m████████████████████████████████████            [0m| 3/4 단계 , 검증 (focused verification)[0m
                                                                                                    


진행 상태: |[32m████████████████████████████████████            [0m| 3/4 단계 , 검증 (focused verification)[0m
                                                                                                    
vulnspider:     - 검증 3/6: REFLECTED_XSS rank 3      elapsed time : 0.23s

진행 상태: |[32m████████████████████████████████████            [0m| 3/4 단계 , 검증 (focused verification)[0m
                                                                                                    


진행 상태: |[32m████████████████████████████████████            [0m| 3/4 단계 , 검증 (focused verification)[0m
                                                                                                    
vulnspider:     - 검증 4/6: REFLECTED_XSS rank 4      elapsed time : 0.38s

진행 상태: |[32m████████████████████████████████████            [0m| 3/4 단계 , 검증 (focused verification)[0m
                                                                                                    


진행 상태: |[32m████████████████████████████████████            [0m| 3/4 단계 , 검증 (focused verification)[0m
                                                                                                    
vulnspider:     - 검증 5/6: SQLI rank 5               elapsed time : 0.42s

진행 상태: |[32m████████████████████████████████████            [0m| 3/4 단계 , 검증 (focused verification)[0m
                                                                                                    


진행 상태: |[32m████████████████████████████████████            [0m| 3/4 단계 , 검증 (focused verification)[0m
                                                                                                    
vulnspider:     - 검증 6/6: SQLI rank 6               elapsed time : 0.41s

진행 상태: |[32m████████████████████████████████████            [0m| 3/4 단계 , 검증 (focused verification)[0m
                                                                                                    


진행 상태: |[32m████████████████████████████████████            [0m| 3/4 단계 , 검증 (focused verification)[0m
                                                                                                    
vulnspider: [OK] 검증 완료 -- 후보 6, 제안 24, 통과 24/차단 0, supported 0, weakened 6, unchanged 18

진행 상태: |[32m████████████████████████████████████            [0m| 3/4 단계 , 검증 (focused verification)[0m
                                                                                                    


진행 상태: |[32m████████████████████████████████████            [0m| 3/4 단계 , 검증 (focused verification)[0m
진행 상태: |[32m████████████████████████████████████████████████                [0m| 3/4 단계 , 리포트 작성[0m
진행 상태: |[32m████████████████████████████████████████████████████████████████[0m| 4/4 단계 , 리포트 작성[0m
                                                                                                    
vulnspider: [*] 리포트 작성 시작 …

진행 상태: |[32m████████████████████████████████████████████████████████████████[0m| 4/4 단계 , 리포트 작성[0m
                                                                                                    


진행 상태: |[32m████████████████████████████████████████████████████████████████[0m| 4/4 단계 , 리포트 작성[0m
                                                                                                    
vulnspider: [OK] 리포트 작성 완료

진행 상태: |[32m████████████████████████████████████████████████████████████████[0m| 4/4 단계 , 리포트 작성[0m
                                                                                                    


진행 상태: |[32m████████████████████████████████████████████████████████████████[0m| 4/4 단계 , 리포트 작성[0m
진행 상태: |[32m████████████████████████████████████████████████████████████████[0m| 4/4 단계 , 리포트 작성[0m
